<html>
<body>
<pre>
<h1>µVision Build Log</h1>
<h2>Project:</h2>
C:\Keil\Labware\race game\SpaceInvaders.uvproj
Project File Date:  06/07/2020

<h2>Output:</h2>
Build target 'SpaceInvaders'
compiling SpaceInvaders.c...
SpaceInvaders.c(259): warning:  #1-D: last line of file ends without a newline
  }
SpaceInvaders.c: 1 warning, 0 errors
linking...
Program Size: Code=4332 RO-data=1852 RW-data=108 ZI-data=1684  
".\SpaceInvaders.axf" - 0 Error(s), 1 Warning(s).
</pre>
</body>
</html>
